This file contains any messages produced by compilers while
running CMake, to aid debugging if configure makes a mistake.

It was created by hpp_practicals CMake configuration process 6.1.0, which was
generated by CMake 3.28.3.

## --------- ##
## Platform. ##
## --------- ##

hostname = nasu
system = Linux-6.8.0-86-generic
processor = x86_64
generator = Unix Makefiles

PATH /home/dvtnguyen/devel/hpp/install/sbin
PATH /home/dvtnguyen/devel/hpp/install/bin
PATH /opt/openrobots/bin
PATH /opt/openrobots/sbin
PATH /opt/openrobots/bin
PATH /usr/local/sbin
PATH /usr/local/bin
PATH /usr/sbin
PATH /usr/bin
PATH /sbin
PATH /bin

PKG_CONFIG_PATH /home/dvtnguyen/devel/hpp/install/lib/pkgconfig/
PKG_CONFIG_PATH /opt/openrobots/lib/pkgconfig

## ---------------- ##
## CMake variables. ##
## ---------------- ##

CMAKE_ROOT = /usr/share/cmake-3.28
CMAKE_INCLUDE_PATH = 
CMAKE_LIBRARY_PATH = 
CMAKE_PREFIX_PATH = 
CMAKE_INSTALL_ALWAYS = 
CMAKE_SKIP_RPATH = NO
CMAKE_SUPPRESS_REGENERATION = 
BUILD_SHARED_LIBS = 

CMAKE_INSTALL_PREFIX = /home/dvtnguyen/devel/hpp/install
PROJECT_SOURCE_DIR = /home/dvtnguyen/devel/hpp/src/hpp-practicals
PROJECT_SOURCE_DIR = /home/dvtnguyen/devel/hpp/src/hpp-practicals
PROJECT_BINARY_DIR = /home/dvtnguyen/devel/hpp/src/hpp-practicals/build-rel
CMAKE_BINARY_DIR = /home/dvtnguyen/devel/hpp/src/hpp-practicals/build-rel

CMAKE_AR = /usr/bin/ar
CMAKE_RANLIB = /usr/bin/ranlib
CMAKE_BUILD_TYPE = Release
CMAKE_CONFIGURATION_TYPES = 
CMAKE_SHARED_LINKER_FLAGS = 

CMAKE_C_COMPILER = 
CMAKE_C_FLAGS = 
CMAKE_C_FLAGS_DEBUG = 
CMAKE_C_FLAGS_RELEASE = 
CMAKE_CXX_COMPILER = /usr/bin/c++
CMAKE_CXX_FLAGS = -pedantic -Wno-long-long -Wall -Wextra -Wcast-align -Wcast-qual -Wformat -Wwrite-strings -Wconversion 
CMAKE_CXX_FLAGS_DEBUG = -g
CMAKE_CXX_FLAGS_RELEASE = -O3 -DNDEBUG
CMAKE_CXX_FLAGS_RELWITHDEBINFO = -g -O3 -DNDEBUG

CMAKE_STATIC_LIBRARY_PREFIX = lib
CMAKE_STATIC_LIBRARY_SUFFIX = .a
CMAKE_SHARED_LIBRARY_PREFIX = lib
CMAKE_SHARED_LIBRARY_SUFFIX = .so
CMAKE_SHARED_MODULE_PREFIX = lib
CMAKE_SHARED_MODULE_SUFFIX = .so

## ------------------ ##
## Watched variables. ##
## ------------------ ##

WARNING_CXX_FLAGS = -pedantic -Wno-long-long -Wall -Wextra -Wcast-align -Wcast-qual -Wformat -Wwrite-strings -Wconversion
_PKG_CONFIG_FOUND = undefined
PKG_CONFIG_EXECUTABLE = /usr/bin/pkg-config
_PKG_CONFIG_PREFIX = ${pcfiledir}/../..
_PKG_CONFIG_EXEC_PREFIX = ${pcfiledir}/../..
_PKG_CONFIG_LIBDIR = ${pcfiledir}/../../lib
_PKG_CONFIG_BINDIR = ${pcfiledir}/../../bin
_PKG_CONFIG_PKGLIBDIR = ${pcfiledir}/../../lib/hpp_practicals
_PKG_CONFIG_INCLUDEDIR = ${pcfiledir}/../../include
_PKG_CONFIG_DATAROOTDIR = ${pcfiledir}/../../share
_PKG_CONFIG_PKGDATAROOTDIR = ${pcfiledir}/../../share
_PKG_CONFIG_DOCDIR = ${pcfiledir}/../../share/doc/hpp_practicals
_PKG_CONFIG_DOXYGENDOCDIR = ${pcfiledir}/../../share/doc/hpp_practicals/doxygen-html
_PKG_CONFIG_PROJECT_NAME = hpp_practicals
_PKG_CONFIG_DESCRIPTION = Practicals for Humanoid Path Planner software.
_PKG_CONFIG_URL = https://github.com/humanoid-path-planner/hpp_practicals
_PKG_CONFIG_VERSION = 6.1.0
_PKG_CONFIG_REQUIRES = omniORB4;omniORB4 >= 4.1.4;omniDynamic4 >= 4.1.4;openscenegraph >= 3.2;openthreads >= 2.6;openscenegraph-osgQt5;qgv
_PKG_CONFIG_REQUIRES_DEBUG = 
_PKG_CONFIG_REQUIRES_OPTIMIZED = 
_PKG_CONFIG_COMPILE_TIME_REQUIRES = 
_PKG_CONFIG_CONFLICTS = 
_PKG_CONFIG_LIBS = 
_PKG_CONFIG_LIBS_DEBUG = -L${libdir}
_PKG_CONFIG_LIBS_OPTIMIZED = -L${libdir}
_PKG_CONFIG_LIBS_PRIVATE = 
_PKG_CONFIG_CFLAGS = -I${includedir}
_PKG_CONFIG_CFLAGS_DEBUG = 
_PKG_CONFIG_CFLAGS_OPTIMIZED = 
_PKG_CONFIG_FILENAME = hpp_practicals.pc
PKG_CONFIG_EXTRA = 
DOXYGEN_SKIP_DOT = undefined
DOXYGEN_EXECUTABLE = /usr/bin/doxygen
DOXYGEN_FOUND = YES
DOXYGEN_DOT_EXECUTABLE = /usr/bin/dot
DOXYGEN_DOT_FOUND = YES
DOXYGEN_DOT_PATH = /usr/bin
DOXYGEN_DOT_IMAGE_FORMAT = undefined
DOXYGEN_USE_MATHJAX = YES
DOXYGEN_USE_TEMPLATE_CSS = TRUE
PYTHONINTERP_FOUND = undefined
PYTHONLIBS_FOUND = TRUE
PYTHON_LIBRARY_DIRS = /usr/lib/x86_64-linux-gnu
PYTHONLIBS_VERSION_STRING = 3.12.3
PYTHON_EXECUTABLE = /usr/bin/python
PYTHON_SOABI = .cpython-312-x86_64-linux-gnu
PYTHON_EXT_SUFFIX = .cpython-312-x86_64-linux-gnu.so
OMNIORB4_FOUND = 1
OMNIORB4_LIBRARIES = omniORB4;omnithread
OMNIORB4_LIBRARY_DIRS = /opt/openrobots/lib
OMNIORB4_LDFLAGS = -L/opt/openrobots/lib;-lomniORB4;-lomnithread
OMNIORB4_LDFLAGS_OTHER = 
OMNIORB4_INCLUDE_DIRS = /opt/openrobots/include
OMNIORB4_CFLAGS = -I/opt/openrobots/include;-D__OSVERSION__=2
OMNIORB4_CFLAGS_OTHER = -D__OSVERSION__=2
OMNIORB4 = undefined
OMNIORB4_STATIC = undefined
OMNIORB4_VERSION = 4.3.2
OMNIORB4_PREFIX = /opt/openrobots
OMNIORB4_INCLUDEDIR = /opt/openrobots/include
OMNIORB4_LIBDIR = /opt/openrobots/lib
OMNIORB4_PKGLIBDIR = 
OMNIORB4_BINDIR = 
OMNIORB4_DATAROOTDIR = 
OMNIORB4_PKGDATAROOTDIR = 
OMNIORB4_DOCDIR = 
OMNIORB4_DOXYGENDOCDIR = 
OMNIDYNAMIC4_FOUND = 1
OMNIDYNAMIC4_LIBRARIES = omniDynamic4;omniORB4;omnithread
OMNIDYNAMIC4_LIBRARY_DIRS = /opt/openrobots/lib
OMNIDYNAMIC4_LDFLAGS = -L/opt/openrobots/lib;-lomniDynamic4;-lomniORB4;-lomnithread
OMNIDYNAMIC4_LDFLAGS_OTHER = 
OMNIDYNAMIC4_INCLUDE_DIRS = /opt/openrobots/include
OMNIDYNAMIC4_CFLAGS = -I/opt/openrobots/include;-D__OSVERSION__=2
OMNIDYNAMIC4_CFLAGS_OTHER = -D__OSVERSION__=2
OMNIDYNAMIC4 = undefined
OMNIDYNAMIC4_STATIC = undefined
OMNIDYNAMIC4_VERSION = 4.3.2
OMNIDYNAMIC4_PREFIX = /opt/openrobots
OMNIDYNAMIC4_INCLUDEDIR = /opt/openrobots/include
OMNIDYNAMIC4_LIBDIR = /opt/openrobots/lib
OMNIDYNAMIC4_PKGLIBDIR = 
OMNIDYNAMIC4_BINDIR = 
OMNIDYNAMIC4_DATAROOTDIR = 
OMNIDYNAMIC4_PKGDATAROOTDIR = 
OMNIDYNAMIC4_DOCDIR = 
OMNIDYNAMIC4_DOXYGENDOCDIR = 
Boost_PYTHON312_FOUND = ON
Boost_PYTHON312_LIBRARY = /usr/lib/x86_64-linux-gnu/libboost_python312.so
Boost_PYTHON312_LIBRARY_DEBUG = /usr/lib/x86_64-linux-gnu/libboost_python312.so
Boost_PYTHON312_LIBRARY_RELEASE = /usr/lib/x86_64-linux-gnu/libboost_python312.so
Boost_PYTHON_LIBRARY = /usr/lib/x86_64-linux-gnu/libboost_python312.so
OPENSCENEGRAPH_FOUND = 1
OPENSCENEGRAPH_LIBRARIES = osg;osgDB;osgFX;osgGA;osgParticle;osgSim;osgText;osgUtil;osgTerrain;osgManipulator;osgViewer;osgWidget;osgShadow;osgAnimation;osgVolume;OpenThreads;GL
OPENSCENEGRAPH_LIBRARY_DIRS = /opt/openrobots/lib;/usr/lib/x86_64-linux-gnu
OPENSCENEGRAPH_LDFLAGS = -L/opt/openrobots/lib;-losg;-losgDB;-losgFX;-losgGA;-losgParticle;-losgSim;-losgText;-losgUtil;-losgTerrain;-losgManipulator;-losgViewer;-losgWidget;-losgShadow;-losgAnimation;-losgVolume;-lOpenThreads;-L/usr/lib/x86_64-linux-gnu;-lGL
OPENSCENEGRAPH_LDFLAGS_OTHER = 
OPENSCENEGRAPH_INCLUDE_DIRS = /opt/openrobots/include;/usr/include
OPENSCENEGRAPH_CFLAGS = -I/opt/openrobots/include;-I/usr/include
OPENSCENEGRAPH_CFLAGS_OTHER = 
OPENSCENEGRAPH = undefined
OPENSCENEGRAPH_STATIC = undefined
OPENSCENEGRAPH_VERSION = 3.6.5
OPENSCENEGRAPH_PREFIX = /opt/openrobots
OPENSCENEGRAPH_INCLUDEDIR = /opt/openrobots/include
OPENSCENEGRAPH_LIBDIR = /opt/openrobots/lib
OPENSCENEGRAPH_PKGLIBDIR = 
OPENSCENEGRAPH_BINDIR = 
OPENSCENEGRAPH_DATAROOTDIR = 
OPENSCENEGRAPH_PKGDATAROOTDIR = 
OPENSCENEGRAPH_DOCDIR = 
OPENSCENEGRAPH_DOXYGENDOCDIR = 
OPENTHREADS_FOUND = 1
OPENTHREADS_LIBRARIES = OpenThreads
OPENTHREADS_LIBRARY_DIRS = /opt/openrobots/lib
OPENTHREADS_LDFLAGS = -L/opt/openrobots/lib;-lOpenThreads
OPENTHREADS_LDFLAGS_OTHER = 
OPENTHREADS_INCLUDE_DIRS = /opt/openrobots/include
OPENTHREADS_CFLAGS = -I/opt/openrobots/include
OPENTHREADS_CFLAGS_OTHER = 
OPENTHREADS = undefined
OPENTHREADS_STATIC = undefined
OPENTHREADS_VERSION = 3.3.1
OPENTHREADS_PREFIX = /opt/openrobots
OPENTHREADS_INCLUDEDIR = /opt/openrobots/include
OPENTHREADS_LIBDIR = /opt/openrobots/lib
OPENTHREADS_PKGLIBDIR = 
OPENTHREADS_BINDIR = 
OPENTHREADS_DATAROOTDIR = 
OPENTHREADS_PKGDATAROOTDIR = 
OPENTHREADS_DOCDIR = 
OPENTHREADS_DOXYGENDOCDIR = 
OPENSCENEGRAPH_OSGQT5_FOUND = 1
OPENSCENEGRAPH_OSGQT5_LIBRARIES = osgQt5;osgWidget;osgViewer;osgText;osgGA;osgDB;osgUtil;osg;OpenThreads
OPENSCENEGRAPH_OSGQT5_LIBRARY_DIRS = /opt/openrobots/lib
OPENSCENEGRAPH_OSGQT5_LDFLAGS = -L/opt/openrobots/lib;-losgQt5;-losgWidget;-losgViewer;-losgText;-losgGA;-losgDB;-losgUtil;-losg;-lOpenThreads
OPENSCENEGRAPH_OSGQT5_LDFLAGS_OTHER = 
OPENSCENEGRAPH_OSGQT5_INCLUDE_DIRS = /opt/openrobots/include
OPENSCENEGRAPH_OSGQT5_CFLAGS = -I/opt/openrobots/include
OPENSCENEGRAPH_OSGQT5_CFLAGS_OTHER = 
OPENSCENEGRAPH_OSGQT5 = undefined
OPENSCENEGRAPH_OSGQT5_STATIC = undefined
OPENSCENEGRAPH_OSGQT5_VERSION = 3.5.7
OPENSCENEGRAPH_OSGQT5_PREFIX = /opt/openrobots
OPENSCENEGRAPH_OSGQT5_INCLUDEDIR = /opt/openrobots/include
OPENSCENEGRAPH_OSGQT5_LIBDIR = /opt/openrobots/lib
OPENSCENEGRAPH_OSGQT5_PKGLIBDIR = 
OPENSCENEGRAPH_OSGQT5_BINDIR = 
OPENSCENEGRAPH_OSGQT5_DATAROOTDIR = 
OPENSCENEGRAPH_OSGQT5_PKGDATAROOTDIR = 
OPENSCENEGRAPH_OSGQT5_DOCDIR = 
OPENSCENEGRAPH_OSGQT5_DOXYGENDOCDIR = 
QGV_FOUND = 1
QGV_LIBRARIES = /home/dvtnguyen/devel/hpp/install/lib/libqgvcore.so
QGV_LIBRARY_DIRS = /home/dvtnguyen/devel/hpp/install/lib/pkgconfig/../../lib
QGV_LDFLAGS = -L/home/dvtnguyen/devel/hpp/install/lib/pkgconfig/../../lib;-lqgvcore
QGV_LDFLAGS_OTHER = 
QGV_INCLUDE_DIRS = /home/dvtnguyen/devel/hpp/install/include
QGV_CFLAGS = -I/home/dvtnguyen/devel/hpp/install/lib/pkgconfig/../../include/QGVCore
QGV_CFLAGS_OTHER = 
QGV = undefined
QGV_STATIC = undefined
QGV_VERSION = 1.3.6
QGV_PREFIX = /home/dvtnguyen/devel/hpp/install/lib/pkgconfig/../..
QGV_INCLUDEDIR = /home/dvtnguyen/devel/hpp/install/lib/pkgconfig/../../include/QGVCore
QGV_LIBDIR = /home/dvtnguyen/devel/hpp/install/lib/pkgconfig/../../lib
QGV_PKGLIBDIR = /home/dvtnguyen/devel/hpp/install/lib/pkgconfig//../../lib/qgv
QGV_BINDIR = /home/dvtnguyen/devel/hpp/install/lib/pkgconfig//../../bin
QGV_DATAROOTDIR = /home/dvtnguyen/devel/hpp/install/lib/pkgconfig//../../share
QGV_PKGDATAROOTDIR = /home/dvtnguyen/devel/hpp/install/lib/pkgconfig//../../share
QGV_DOCDIR = /home/dvtnguyen/devel/hpp/install/lib/pkgconfig//../../share/doc/qgv
QGV_DOXYGENDOCDIR = /home/dvtnguyen/devel/hpp/install/share/doc/qgv/doxygen-html
## ---------------- ##
## Watched targets. ##
## ---------------- ##

